
Active Connections

  Proto  Local Address          Foreign Address        State
  TCP    0.0.0.0:135            0.0.0.0:0              LISTENING
  TCP    0.0.0.0:443            0.0.0.0:0              LISTENING
  TCP    0.0.0.0:445            0.0.0.0:0              LISTENING
  TCP    0.0.0.0:902            0.0.0.0:0              LISTENING
  TCP    0.0.0.0:912            0.0.0.0:0              LISTENING
  TCP    0.0.0.0:1134           0.0.0.0:0              LISTENING
  TCP    0.0.0.0:2179           0.0.0.0:0              LISTENING
  TCP    0.0.0.0:2869           0.0.0.0:0              LISTENING
  TCP    0.0.0.0:4325           0.0.0.0:0              LISTENING
  TCP    0.0.0.0:5040           0.0.0.0:0              LISTENING
  TCP    0.0.0.0:7070           0.0.0.0:0              LISTENING
  TCP    0.0.0.0:7680           0.0.0.0:0              LISTENING
  TCP    0.0.0.0:13656          0.0.0.0:0              LISTENING
  TCP    0.0.0.0:49664          0.0.0.0:0              LISTENING
  TCP    0.0.0.0:49665          0.0.0.0:0              LISTENING
  TCP    0.0.0.0:49666          0.0.0.0:0              LISTENING
  TCP    0.0.0.0:49667          0.0.0.0:0              LISTENING
  TCP    0.0.0.0:49668          0.0.0.0:0              LISTENING
  TCP    0.0.0.0:49681          0.0.0.0:0              LISTENING
  TCP    0.0.0.0:57621          0.0.0.0:0              LISTENING
  TCP    127.0.0.1:1031         127.0.0.1:1032         ESTABLISHED
  TCP    127.0.0.1:1032         127.0.0.1:1031         ESTABLISHED
  TCP    127.0.0.1:1310         0.0.0.0:0              LISTENING
  TCP    127.0.0.1:1316         127.0.0.1:1317         ESTABLISHED
  TCP    127.0.0.1:1317         127.0.0.1:1316         ESTABLISHED
  TCP    127.0.0.1:1318         127.0.0.1:1319         ESTABLISHED
  TCP    127.0.0.1:1319         127.0.0.1:1318         ESTABLISHED
  TCP    127.0.0.1:1320         127.0.0.1:1321         ESTABLISHED
  TCP    127.0.0.1:1321         127.0.0.1:1320         ESTABLISHED
  TCP    127.0.0.1:1322         127.0.0.1:1323         ESTABLISHED
  TCP    127.0.0.1:1323         127.0.0.1:1322         ESTABLISHED
  TCP    127.0.0.1:2132         127.0.0.1:2133         ESTABLISHED
  TCP    127.0.0.1:2133         127.0.0.1:2132         ESTABLISHED
  TCP    127.0.0.1:3199         127.0.0.1:3200         ESTABLISHED
  TCP    127.0.0.1:3200         127.0.0.1:3199         ESTABLISHED
  TCP    127.0.0.1:5481         127.0.0.1:5482         ESTABLISHED
  TCP    127.0.0.1:5482         127.0.0.1:5481         ESTABLISHED
  TCP    127.0.0.1:5939         0.0.0.0:0              LISTENING
  TCP    127.0.0.1:8307         0.0.0.0:0              LISTENING
  TCP    127.0.0.1:8884         0.0.0.0:0              LISTENING
  TCP    127.0.0.1:29802        0.0.0.0:0              LISTENING
  TCP    127.0.0.1:30776        0.0.0.0:0              LISTENING
  TCP    127.0.0.1:30785        127.0.0.1:30786        ESTABLISHED
  TCP    127.0.0.1:30786        127.0.0.1:30785        ESTABLISHED
  TCP    127.0.0.1:30787        127.0.0.1:30788        ESTABLISHED
  TCP    127.0.0.1:30788        127.0.0.1:30787        ESTABLISHED
  TCP    127.0.0.1:30797        127.0.0.1:30798        ESTABLISHED
  TCP    127.0.0.1:30798        127.0.0.1:30797        ESTABLISHED
  TCP    127.0.0.1:30799        127.0.0.1:30800        ESTABLISHED
  TCP    127.0.0.1:30800        127.0.0.1:30799        ESTABLISHED
  TCP    127.0.0.1:30825        127.0.0.1:30826        ESTABLISHED
  TCP    127.0.0.1:30826        127.0.0.1:30825        ESTABLISHED
  TCP    127.0.0.1:30842        127.0.0.1:30843        ESTABLISHED
  TCP    127.0.0.1:30843        127.0.0.1:30842        ESTABLISHED
  TCP    127.0.0.1:31337        127.0.0.1:31338        ESTABLISHED
  TCP    127.0.0.1:31338        127.0.0.1:31337        ESTABLISHED
  TCP    127.0.0.1:44440        0.0.0.0:0              LISTENING
  TCP    127.0.0.1:49673        127.0.0.1:49674        ESTABLISHED
  TCP    127.0.0.1:49674        127.0.0.1:49673        ESTABLISHED
  TCP    127.0.0.1:65001        0.0.0.0:0              LISTENING
  TCP    172.17.96.1:139        0.0.0.0:0              LISTENING
  TCP    172.26.240.1:139       0.0.0.0:0              LISTENING
  TCP    172.27.128.1:139       0.0.0.0:0              LISTENING
  TCP    192.168.24.1:139       0.0.0.0:0              LISTENING
  TCP    192.168.31.221:139     0.0.0.0:0              LISTENING
  TCP    [::]:135               [::]:0                 LISTENING
  TCP    [::]:443               [::]:0                 LISTENING
  TCP    [::]:445               [::]:0                 LISTENING
  TCP    [::]:2179              [::]:0                 LISTENING
  TCP    [::]:2869              [::]:0                 LISTENING
  TCP    [::]:7680              [::]:0                 LISTENING
  TCP    [::]:13656             [::]:0                 LISTENING
  TCP    [::]:49664             [::]:0                 LISTENING
  TCP    [::]:49665             [::]:0                 LISTENING
  TCP    [::]:49666             [::]:0                 LISTENING
  TCP    [::]:49667             [::]:0                 LISTENING
  TCP    [::]:49668             [::]:0                 LISTENING
  TCP    [::]:49681             [::]:0                 LISTENING
  TCP    [::1]:1025             [::]:0                 LISTENING
  TCP    [::1]:8307             [::]:0                 LISTENING
  UDP    0.0.0.0:53             *:*                    
  UDP    0.0.0.0:53             *:*                    
  UDP    0.0.0.0:67             *:*                    
  UDP    0.0.0.0:500            *:*                    
  UDP    0.0.0.0:1900           *:*                    
  UDP    0.0.0.0:1900           *:*                    
  UDP    0.0.0.0:1900           *:*                    
  UDP    0.0.0.0:1900           *:*                    
  UDP    0.0.0.0:1900           *:*                    
  UDP    0.0.0.0:1900           *:*                    
  UDP    0.0.0.0:1900           *:*                    
  UDP    0.0.0.0:1900           *:*                    
  UDP    0.0.0.0:3702           *:*                    
  UDP    0.0.0.0:3702           *:*                    
  UDP    0.0.0.0:4500           *:*                    
  UDP    0.0.0.0:5050           *:*                    
  UDP    0.0.0.0:5353           *:*                    
  UDP    0.0.0.0:5353           *:*                    
  UDP    0.0.0.0:5353           *:*                    
  UDP    0.0.0.0:5353           *:*                    
  UDP    0.0.0.0:5353           *:*                    
  UDP    0.0.0.0:5353           *:*                    
  UDP    0.0.0.0:5353           *:*                    
  UDP    0.0.0.0:5353           *:*                    
  UDP    0.0.0.0:5353           *:*                    
  UDP    0.0.0.0:5353           *:*                    
  UDP    0.0.0.0:5353           *:*                    
  UDP    0.0.0.0:5353           *:*                    
  UDP    0.0.0.0:5353           *:*                    
  UDP    0.0.0.0:5353           *:*                    
  UDP    0.0.0.0:5353           *:*                    
  UDP    0.0.0.0:5353           *:*                    
  UDP    0.0.0.0:5353           *:*                    
  UDP    0.0.0.0:5353           *:*                    
  UDP    0.0.0.0:5353           *:*                    
  UDP    0.0.0.0:5353           *:*                    
  UDP    0.0.0.0:5353           *:*                    
  UDP    0.0.0.0:5353           *:*                    
  UDP    0.0.0.0:5353           *:*                    
  UDP    0.0.0.0:5353           *:*                    
  UDP    0.0.0.0:5353           *:*                    
  UDP    0.0.0.0:5353           *:*                    
  UDP    0.0.0.0:5353           *:*                    
  UDP    0.0.0.0:5353           *:*                    
  UDP    0.0.0.0:5353           *:*                    
  UDP    0.0.0.0:5353           *:*                    
  UDP    0.0.0.0:5353           *:*                    
  UDP    0.0.0.0:5353           *:*                    
  UDP    0.0.0.0:5353           *:*                    
  UDP    0.0.0.0:5353           *:*                    
  UDP    0.0.0.0:5353           *:*                    
  UDP    0.0.0.0:5353           *:*                    
  UDP    0.0.0.0:5353           *:*                    
  UDP    0.0.0.0:5353           *:*                    
  UDP    0.0.0.0:5353           *:*                    
  UDP    0.0.0.0:5353           *:*                    
  UDP    0.0.0.0:5353           *:*                    
  UDP    0.0.0.0:5355           *:*                    
  UDP    0.0.0.0:49376          *:*                    
  UDP    0.0.0.0:50001          *:*                    
  UDP    0.0.0.0:50531          *:*                    
  UDP    0.0.0.0:52304          *:*                    
  UDP    0.0.0.0:52915          *:*                    
  UDP    0.0.0.0:53086          *:*                    
  UDP    0.0.0.0:55581          *:*                    
  UDP    0.0.0.0:57180          *:*                    
  UDP    0.0.0.0:57621          *:*                    
  UDP    0.0.0.0:57752          *:*                    
  UDP    0.0.0.0:57753          *:*                    
  UDP    0.0.0.0:57754          *:*                    
  UDP    0.0.0.0:57755          *:*                    
  UDP    0.0.0.0:57756          *:*                    
  UDP    0.0.0.0:57757          *:*                    
  UDP    0.0.0.0:57758          *:*                    
  UDP    0.0.0.0:57759          *:*                    
  UDP    0.0.0.0:60874          *:*                    
  UDP    0.0.0.0:62243          *:*                    
  UDP    0.0.0.0:62245          *:*                    
  UDP    0.0.0.0:62777          *:*                    
  UDP    0.0.0.0:62808          *:*                    
  UDP    0.0.0.0:64544          *:*                    
  UDP    127.0.0.1:1900         *:*                    
  UDP    127.0.0.1:10250        *:*                    
  UDP    127.0.0.1:49826        *:*                    
  UDP    127.0.0.1:52299        *:*                    
  UDP    127.0.0.1:61810        *:*                    
  UDP    172.17.96.1:137        *:*                    
  UDP    172.17.96.1:138        *:*                    
  UDP    172.17.96.1:1900       *:*                    
  UDP    172.17.96.1:2177       *:*                    
  UDP    172.17.96.1:5353       *:*                    
  UDP    172.17.96.1:52300      *:*                    
  UDP    172.26.240.1:67        *:*                    
  UDP    172.26.240.1:68        *:*                    
  UDP    172.26.240.1:137       *:*                    
  UDP    172.26.240.1:138       *:*                    
  UDP    172.26.240.1:1900      *:*                    
  UDP    172.26.240.1:2177      *:*                    
  UDP    172.26.240.1:5353      *:*                    
  UDP    172.26.240.1:52292     *:*                    
  UDP    172.27.128.1:137       *:*                    
  UDP    172.27.128.1:138       *:*                    
  UDP    172.27.128.1:1900      *:*                    
  UDP    172.27.128.1:2177      *:*                    
  UDP    172.27.128.1:5353      *:*                    
  UDP    172.27.128.1:52293     *:*                    
  UDP    192.168.24.1:137       *:*                    
  UDP    192.168.24.1:138       *:*                    
  UDP    192.168.24.1:1900      *:*                    
  UDP    192.168.24.1:2177      *:*                    
  UDP    192.168.24.1:5353      *:*                    
  UDP    192.168.24.1:5353      *:*                    
  UDP    192.168.24.1:52298     *:*                    
  UDP    192.168.31.221:137     *:*                    
  UDP    192.168.31.221:138     *:*                    
  UDP    192.168.31.221:1900    *:*                    
  UDP    192.168.31.221:2177    *:*                    
  UDP    192.168.31.221:5353    *:*                    
  UDP    192.168.31.221:52294   *:*                    
  UDP    192.168.216.1:137      *:*                    
  UDP    192.168.216.1:138      *:*                    
  UDP    192.168.216.1:1900     *:*                    
  UDP    192.168.216.1:2177     *:*                    
  UDP    192.168.216.1:5353     *:*                    
  UDP    192.168.216.1:5353     *:*                    
  UDP    192.168.216.1:52295    *:*                    
  UDP    192.168.234.1:137      *:*                    
  UDP    192.168.234.1:138      *:*                    
  UDP    192.168.234.1:1900     *:*                    
  UDP    192.168.234.1:2177     *:*                    
  UDP    192.168.234.1:5353     *:*                    
  UDP    192.168.234.1:5353     *:*                    
  UDP    192.168.234.1:52297    *:*                    
  UDP    192.168.255.1:137      *:*                    
  UDP    192.168.255.1:138      *:*                    
  UDP    192.168.255.1:1900     *:*                    
  UDP    192.168.255.1:2177     *:*                    
  UDP    192.168.255.1:5353     *:*                    
  UDP    192.168.255.1:5353     *:*                    
  UDP    192.168.255.1:52296    *:*                    
  UDP    [::]:500               *:*                    
  UDP    [::]:3702              *:*                    
  UDP    [::]:3702              *:*                    
  UDP    [::]:4500              *:*                    
  UDP    [::]:5353              *:*                    
  UDP    [::]:5353              *:*                    
  UDP    [::]:5353              *:*                    
  UDP    [::]:5353              *:*                    
  UDP    [::]:5353              *:*                    
  UDP    [::]:5353              *:*                    
  UDP    [::]:5353              *:*                    
  UDP    [::]:5353              *:*                    
  UDP    [::]:5353              *:*                    
  UDP    [::]:5353              *:*                    
  UDP    [::]:5353              *:*                    
  UDP    [::]:5353              *:*                    
  UDP    [::]:5353              *:*                    
  UDP    [::]:5353              *:*                    
  UDP    [::]:5353              *:*                    
  UDP    [::]:5353              *:*                    
  UDP    [::]:5353              *:*                    
  UDP    [::]:5353              *:*                    
  UDP    [::]:5353              *:*                    
  UDP    [::]:5353              *:*                    
  UDP    [::]:5353              *:*                    
  UDP    [::]:5353              *:*                    
  UDP    [::]:5353              *:*                    
  UDP    [::]:5353              *:*                    
  UDP    [::]:5353              *:*                    
  UDP    [::]:5355              *:*                    
  UDP    [::]:49377             *:*                    
  UDP    [::]:52305             *:*                    
  UDP    [::]:62244             *:*                    
  UDP    [::]:62246             *:*                    
  UDP    [::]:62809             *:*                    
  UDP    [::1]:1900             *:*                    
  UDP    [::1]:5353             *:*                    
  UDP    [::1]:5353             *:*                    
  UDP    [::1]:52290            *:*                    
  UDP    [fe80::asda:4124:2096:62b2%9]:1900  *:*                    
