
Active Connections

  Proto  Local Address          Foreign Address        State           PID
  TCP    0.0.0.0:135            0.0.0.0:0              LISTENING       1712
  TCP    0.0.0.0:443            0.0.0.0:0              LISTENING       9396
  TCP    0.0.0.0:445            0.0.0.0:0              LISTENING       4
  TCP    0.0.0.0:902            0.0.0.0:0              LISTENING       7388
  TCP    0.0.0.0:49667          0.0.0.0:0              LISTENING       2160
  TCP    0.0.0.0:49668          0.0.0.0:0              LISTENING       3952
  TCP    0.0.0.0:49681          0.0.0.0:0              LISTENING       6316
  TCP    0.0.0.0:57621          0.0.0.0:0              LISTENING       27696
  TCP    127.0.0.1:1031         127.0.0.1:1032         ESTABLISHED     10644
  TCP    127.0.0.1:1032         127.0.0.1:1031         ESTABLISHED     10644
  TCP    127.0.0.1:1310         0.0.0.0:0              LISTENING       9328
  TCP    127.0.0.1:1316         127.0.0.1:1317         ESTABLISHED     1112
  TCP    127.0.0.1:1317         127.0.0.1:1316         ESTABLISHED     1112
  TCP    127.0.0.1:1318         127.0.0.1:1319         ESTABLISHED     1112
  TCP    127.0.0.1:1319         127.0.0.1:1318         ESTABLISHED     1112
  TCP    127.0.0.1:1320         127.0.0.1:1321         ESTABLISHED     28104
  TCP    127.0.0.1:1321         127.0.0.1:1320         ESTABLISHED     28104
  TCP    127.0.0.1:1322         127.0.0.1:1323         ESTABLISHED     28104
  TCP    127.0.0.1:1323         127.0.0.1:1322         ESTABLISHED     28104
  TCP    127.0.0.1:2132         127.0.0.1:2133         ESTABLISHED     21952
  TCP    127.0.0.1:2133         127.0.0.1:2132         ESTABLISHED     21952
  TCP    127.0.0.1:3949         127.0.0.1:3950         ESTABLISHED     21952
  TCP    127.0.0.1:3950         127.0.0.1:3949         ESTABLISHED     21952
  TCP    127.0.0.1:5481         127.0.0.1:5482         ESTABLISHED     20136
  TCP    127.0.0.1:5482         127.0.0.1:5481         ESTABLISHED     20136
  TCP    127.0.0.1:5939         0.0.0.0:0              LISTENING       7340
  TCP    127.0.0.1:8307         0.0.0.0:0              LISTENING       9396
  TCP    127.0.0.1:8884         0.0.0.0:0              LISTENING       4
  TCP    127.0.0.1:29802        0.0.0.0:0              LISTENING       6372
  TCP    127.0.0.1:30776        0.0.0.0:0              LISTENING       30224
  TCP    127.0.0.1:30785        127.0.0.1:30786        ESTABLISHED     25596
  TCP    127.0.0.1:30786        127.0.0.1:30785        ESTABLISHED     25596
  TCP    127.0.0.1:30787        127.0.0.1:30788        ESTABLISHED     25596
  TCP    127.0.0.1:30788        127.0.0.1:30787        ESTABLISHED     25596
  TCP    127.0.0.1:30797        127.0.0.1:30798        ESTABLISHED     20364
  TCP    127.0.0.1:30798        127.0.0.1:30797        ESTABLISHED     20364
  TCP    127.0.0.1:30799        127.0.0.1:30800        ESTABLISHED     20364
  TCP    127.0.0.1:30800        127.0.0.1:30799        ESTABLISHED     20364
  TCP    127.0.0.1:30825        127.0.0.1:30826        ESTABLISHED     22140
  TCP    127.0.0.1:30826        127.0.0.1:30825        ESTABLISHED     22140
  TCP    127.0.0.1:30842        127.0.0.1:30843        ESTABLISHED     23200
  TCP    127.0.0.1:30843        127.0.0.1:30842        ESTABLISHED     23200
  TCP    127.0.0.1:31337        127.0.0.1:31338        ESTABLISHED     18580
  TCP    127.0.0.1:31338        127.0.0.1:31337        ESTABLISHED     18580
  TCP    127.0.0.1:44440        0.0.0.0:0              LISTENING       6804
  TCP    127.0.0.1:49673        127.0.0.1:49674        ESTABLISHED     4260
  TCP    127.0.0.1:49674        127.0.0.1:49673        ESTABLISHED     4260
  TCP    127.0.0.1:65001        0.0.0.0:0              LISTENING       7140
  TCP    172.17.96.1:139        0.0.0.0:0              LISTENING       4
  TCP    172.26.240.1:139       0.0.0.0:0              LISTENING       4
  TCP    172.27.128.1:139       0.0.0.0:0              LISTENING       4
  TCP    192.168.24.1:139       0.0.0.0:0              LISTENING       4
  TCP    192.168.31.221:139     0.0.0.0:0              LISTENING       4
  TCP    192.168.216.1:139      0.0.0.0:0              LISTENING       4
  TCP    192.168.234.1:139      0.0.0.0:0              LISTENING       4
  TCP    192.168.255.1:139      0.0.0.0:0              LISTENING       4
  TCP    [::]:135               [::]:0                 LISTENING       1712
  TCP    [::]:443               [::]:0                 LISTENING       9396
  TCP    [::]:445               [::]:0                 LISTENING       4
  TCP    [::]:2179              [::]:0                 LISTENING       4032
  TCP    [::]:2869              [::]:0                 LISTENING       4
  TCP    [::]:7680              [::]:0                 LISTENING       10404
  TCP    [::]:13656             [::]:0                 LISTENING       1400
  TCP    [::]:49664             [::]:0                 LISTENING       1428
  TCP    [::]:49665             [::]:0                 LISTENING       1036
  TCP    [::]:49666             [::]:0                 LISTENING       2152
  TCP    [::]:49667             [::]:0                 LISTENING       2160
  TCP    [::]:49668             [::]:0                 LISTENING       3952
  TCP    [::]:49681             [::]:0                 LISTENING       6316
  TCP    [::1]:1025             [::]:0                 LISTENING       6088
  TCP    [::1]:8307             [::]:0                 LISTENING       9396
  UDP    0.0.0.0:53             *:*                                    4808
  UDP    0.0.0.0:53             *:*                                    4808
  UDP    0.0.0.0:67             *:*                                    34064
  UDP    0.0.0.0:500            *:*                                    6856
  UDP    0.0.0.0:1900           *:*                                    27696
  UDP    0.0.0.0:1900           *:*                                    27696
  UDP    0.0.0.0:1900           *:*                                    27696
  UDP    0.0.0.0:1900           *:*                                    27696
  UDP    0.0.0.0:1900           *:*                                    27696
  UDP    0.0.0.0:1900           *:*                                    27696
  UDP    0.0.0.0:1900           *:*                                    27696
  UDP    0.0.0.0:1900           *:*                                    27696
  UDP    0.0.0.0:3702           *:*                                    6952
  UDP    0.0.0.0:3702           *:*                                    6952
  UDP    0.0.0.0:4500           *:*                                    6856
  UDP    0.0.0.0:5050           *:*                                    13528
  UDP    0.0.0.0:5353           *:*                                    14156
  UDP    0.0.0.0:5353           *:*                                    27696
  UDP    0.0.0.0:5353           *:*                                    3404
  UDP    0.0.0.0:5353           *:*                                    14156
  UDP    0.0.0.0:5353           *:*                                    14156
  UDP    0.0.0.0:5353           *:*                                    14156
  UDP    0.0.0.0:5353           *:*                                    14156
  UDP    0.0.0.0:5353           *:*                                    14156
  UDP    0.0.0.0:5353           *:*                                    14156
  UDP    0.0.0.0:5353           *:*                                    27696
  UDP    0.0.0.0:5353           *:*                                    14156
  UDP    0.0.0.0:5353           *:*                                    14156
  UDP    0.0.0.0:5353           *:*                                    27696
  UDP    0.0.0.0:5353           *:*                                    27696
  UDP    0.0.0.0:5353           *:*                                    14156
  UDP    0.0.0.0:5353           *:*                                    27696
  UDP    0.0.0.0:5353           *:*                                    27696
  UDP    0.0.0.0:5353           *:*                                    14156
  UDP    0.0.0.0:5353           *:*                                    27696
  UDP    0.0.0.0:5353           *:*                                    27696
  UDP    0.0.0.0:5353           *:*                                    14156
  UDP    0.0.0.0:5353           *:*                                    14156
  UDP    0.0.0.0:5353           *:*                                    27696
  UDP    0.0.0.0:5353           *:*                                    27696
  UDP    0.0.0.0:5353           *:*                                    27696
  UDP    0.0.0.0:5353           *:*                                    27696
  UDP    0.0.0.0:5353           *:*                                    27696
  UDP    0.0.0.0:5353           *:*                                    27696
  UDP    0.0.0.0:5353           *:*                                    27696
  UDP    0.0.0.0:5353           *:*                                    27696
  UDP    0.0.0.0:5353           *:*                                    14156
  UDP    0.0.0.0:5353           *:*                                    27696
  UDP    0.0.0.0:5353           *:*                                    27696
  UDP    0.0.0.0:5353           *:*                                    27696
  UDP    0.0.0.0:5353           *:*                                    14156
  UDP    0.0.0.0:5353           *:*                                    27696
  UDP    0.0.0.0:5353           *:*                                    27696
  UDP    0.0.0.0:5353           *:*                                    27696
  UDP    0.0.0.0:5353           *:*                                    27696
  UDP    0.0.0.0:5353           *:*                                    14156
  UDP    0.0.0.0:5353           *:*                                    27696
  UDP    0.0.0.0:5355           *:*                                    3404
  UDP    0.0.0.0:49376          *:*                                    7140
  UDP    0.0.0.0:50001          *:*                                    6608
  UDP    0.0.0.0:50531          *:*                                    21952
  UDP    0.0.0.0:52304          *:*                                    7340
  UDP    0.0.0.0:52506          *:*                                    19692
  UDP    0.0.0.0:55581          *:*                                    23200
  UDP    0.0.0.0:56621          *:*                                    21952
  UDP    0.0.0.0:57180          *:*                                    18580
  UDP    0.0.0.0:57621          *:*                                    27696
  UDP    0.0.0.0:57752          *:*                                    27696
  UDP    0.0.0.0:57753          *:*                                    27696
  UDP    0.0.0.0:57754          *:*                                    27696
  UDP    0.0.0.0:57755          *:*                                    27696
  UDP    0.0.0.0:57756          *:*                                    27696
  UDP    0.0.0.0:57757          *:*                                    27696
  UDP    0.0.0.0:57758          *:*                                    27696
  UDP    0.0.0.0:57759          *:*                                    27696
  UDP    0.0.0.0:62243          *:*                                    4808
  UDP    0.0.0.0:62245          *:*                                    4808
  UDP    0.0.0.0:62808          *:*                                    6952
  UDP    0.0.0.0:64544          *:*                                    4808
  UDP    127.0.0.1:1900         *:*                                    8844
  UDP    127.0.0.1:10250        *:*                                    6372
  UDP    127.0.0.1:49826        *:*                                    5876
  UDP    127.0.0.1:52299        *:*                                    8844
  UDP    127.0.0.1:61810        *:*                                    27560
  UDP    172.17.96.1:137        *:*                                    4
  UDP    172.17.96.1:138        *:*                                    4
  UDP    172.17.96.1:1900       *:*                                    8844
  UDP    172.17.96.1:2177       *:*                                    28108
  UDP    172.17.96.1:5353       *:*                                    7140
  UDP    172.17.96.1:52300      *:*                                    8844
  UDP    172.26.240.1:67        *:*                                    4808
  UDP    172.26.240.1:68        *:*                                    4808
  UDP    172.26.240.1:137       *:*                                    4
  UDP    172.26.240.1:138       *:*                                    4
  UDP    172.26.240.1:1900      *:*                                    8844
  UDP    172.26.240.1:2177      *:*                                    28108
  UDP    172.26.240.1:5353      *:*                                    7140
  UDP    172.26.240.1:52292     *:*                                    8844
  UDP    172.27.128.1:137       *:*                                    4
  UDP    172.27.128.1:138       *:*                                    4
  UDP    172.27.128.1:1900      *:*                                    8844
  UDP    172.27.128.1:2177      *:*                                    28108
  UDP    172.27.128.1:5353      *:*                                    7140
  UDP    172.27.128.1:52293     *:*                                    8844
  UDP    192.168.216.1:138      *:*                                    4
  UDP    192.168.216.1:1900     *:*                                    8844
  UDP    192.168.216.1:2177     *:*                                    28108
  UDP    192.168.216.1:5353     *:*                                    7140
  UDP    192.168.216.1:5353     *:*                                    7340
  UDP    192.168.216.1:52295    *:*                                    8844
  UDP    192.168.234.1:137      *:*                                    4
  UDP    192.168.234.1:138      *:*                                    4
  UDP    192.168.234.1:1900     *:*                                    8844
  UDP    192.168.234.1:2177     *:*                                    28108
  UDP    192.168.234.1:5353     *:*                                    7340
  UDP    192.168.234.1:5353     *:*                                    7140
  UDP    192.168.234.1:52297    *:*                                    8844
  UDP    192.168.255.1:137      *:*                                    4
  UDP    192.168.255.1:138      *:*                                    4
  UDP    192.168.255.1:1900     *:*                                    8844
  UDP    192.168.255.1:2177     *:*                                    28108
  UDP    192.168.255.1:5353     *:*                                    7340
  UDP    192.168.255.1:5353     *:*                                    7140
  UDP    192.168.255.1:52296    *:*                                    8844
  UDP    [::]:5353              *:*                                    3404
  UDP    [::]:5355              *:*                                    3404
  UDP    [::]:49377             *:*                                    7140
  UDP    [::]:52305             *:*                                    7340
  UDP    [::]:62244             *:*                                    4808
  UDP    [::]:62246             *:*                                    4808
  UDP    [::]:62809             *:*                                    6952
  UDP    [::1]:1900             *:*                                    8844
  UDP    [::1]:5353             *:*                                    7140
  UDP    [::1]:5353             *:*                                    7340
  UDP    [::1]:52290            *:*                                    8844
  UDP    [fe80::244e:2f1e:2096:62b2%9]:1900  *:*                                    8844
  UDP    [fe80::f5d1:8bf7:c410:e325%64]:52284  *:*                                    8844
