--------c-----e----- /tmp/folder/folder/test_file
