--------------e----- /tmp/folder/folder

/tmp/folder/folder:
--------c-----e----- /tmp/folder/folder/test_file

