lsattr: Operation not supported While reading flags on /etc/apache2/mods-enabled/autoindex.load