  File: /etc/passwd
  Size: 3399            Blocks: 8          IO Block: 4096   regular file
Device: 810h/2064d      Inode: 6392        Links: 1
Access: (0644/-rw-r--r--)  Uid: (    0/    root)   Gid: (    0/    root)
Access: 2023-06-01 13:12:52.776423000 -0700
Modify: 2023-01-07 03:10:13.752410800 -0800
Change: 2023-01-07 03:10:13.752410800 -0800